WRAPPER: foo(5, 4);
WRAPPER: return 9;
5 + 4 = 9
